0xAABBCCDD
0xAABBCCDD
0xAABBCCDD
0xAABBCCDD
0xAABBCCDD
0xAABBCCDD
0xAABBCCDD
0xAABBCCDD
0xAABBCCDD
0xAABBCCDD
0xAABBCCDD
0xAABBCCDD
0xAABBCCDD
0xAABBCCDD
0xAABBCCDD
0xAABBCCDD
0xAABBCCDD
0xAABBCCDD
0xAABBCCDD
0xAABBCCDD
0xAABBCCDD
0xAABBCCDD
0xAABBCCDD
0xAABBCCDD
0xAABBCCDD
0xAABBCCDD
0xAABBCCDD
0xAABBCCDD
0xAABBCCDD
0xAABBCCDD
0xAABBCCDD
0xAABBCCDD
0xAABBCCDD
0xAABBCCDD
0xAABBCCDD
0xAABBCCDD
0xAABBCCDD
0xAABBCCDD
0xAABBCCDD
0xAABBCCDD
0xAABBCCDD
0xAABBCCDD
0xAABBCCDD
0xAABBCCDD
0xAABBCCDD
0xAABBCCDD
0xAABBCCDD
0xAABBCCDD
0xAABBCCDD
0xAABBCCDD
0xAABBCCDD
0xAABBCCDD
0xAABBCCDD
0xAABBCCDD
0xAABBCCDD
0xAABBCCDD
0xAABBCCDD
0xAABBCCDD
0xAABBCCDD
0xAABBCCDD
0xAABBCCDD
0xAABBCCDD
0xAABBCCDD
0xAABBCCDD
0xAABBCCDD
0xAABBCCDD
0xAABBCCDD
0xAABBCCDD
0xAABBCCDD
0xAABBCCDD
0xAABBCCDD
0xAABBCCDD
0xAABBCCDD
0xAABBCCDD
0xAABBCCDD
0xAABBCCDD
0xAABBCCDD
0xAABBCCDD
0xAABBCCDD
0xAABBCCDD
0xAABBCCDD
0xAABBCCDD
0xAABBCCDD
0xAABBCCDD
0xAABBCCDD
0xAABBCCDD
0xAABBCCDD
0xAABBCCDD
0xAABBCCDD
0xAABBCCDD
0xAABBCCDD
0xAABBCCDD
0xAABBCCDD
0xAABBCCDD
0xAABBCCDD
0xAABBCCDD
0xAABBCCDD
0xAABBCCDD
0xAABBCCDD
0xAABBCCDD